{
  "dataset": {
    "rows_raw": 549346,
    "rows_removed_invalid_label_or_empty_url": 1,
    "conflicting_canonical_urls": 1,
    "rows_removed_conflicting_canonical_urls": 3,
    "duplicate_rows_removed_after_canonicalization": 47151,
    "rows_clean": 502191,
    "unique_hosts": 190147,
    "unique_registrable_domain_groups": 152258,
    "label_counts": {
      "good": 392879,
      "bad": 109312
    },
    "malformed_or_empty_host_rows": 791
  },
  "split": {
    "train": {
      "rows": 301315,
      "bad_rate": 0.2177,
      "domain_groups": 91377
    },
    "validation": {
      "rows": 100439,
      "bad_rate": 0.2177,
      "domain_groups": 30391
    },
    "test": {
      "rows": 100437,
      "bad_rate": 0.2177,
      "domain_groups": 30490
    },
    "overlap": {
      "train_validation": 0,
      "train_test": 0,
      "validation_test": 0
    }
  }
}
Model selection: Logistic Regression...
Model selection: Naive Bayes...
Model selection: Linear SVM...
Model selection: Random Forest...

=== Model selection (validation only) ===
               Model      Stage              Fitur      N  Precision (bad)  Recall (bad)  F1 (bad)  Akurasi  Balanced Accuracy    MCC  FP/100k  FN/100k    TN    FP   FN    TP  ROC-AUC  PR-AUC
Logistic Regression validation TF-IDF char n-gram 100439           0.7784        0.9261    0.8459   0.9265             0.9264 0.8033   5737.8   1608.9 72813  5763 1616 20247   0.9806  0.9505
        Naive Bayes validation TF-IDF char n-gram 100439           0.8813        0.8425    0.8615   0.9410             0.9055 0.8243   2471.2   3428.0 76094  2482 3443 18420   0.9786  0.9451
         Linear SVM validation TF-IDF char n-gram 100439           0.8389        0.9220    0.8785   0.9445             0.9364 0.8442   3853.1   1698.5 74706  3870 1706 20157   0.9849  0.9627
      Random Forest validation       Fitur buatan 100439           0.5533        0.7665    0.6427   0.8145             0.7972 0.5344  13469.9   5082.7 65047 13529 5105 16758   0.8771  0.7309
Selected: Linear SVM

=== Final untouched test ===
      Model      Stage              Fitur      N  Precision (bad)  Recall (bad)  F1 (bad)  Akurasi  Balanced Accuracy    MCC  FP/100k  FN/100k    TN   FP   FN    TP  ROC-AUC  PR-AUC
Linear SVM final_test TF-IDF char n-gram 100437            0.935        0.9057    0.9201   0.9658             0.9441 0.8985   1371.0   2052.0 77198 1377 2061 19801   0.9915   0.977
Saved: C:\Users\USER\Downloads\datasetttttt\phishing_model_v3.joblib
